Copyright 1986-2018 Xilinx, Inc. All Rights Reserved.
-----------------------------------------------------------------------------------------------------------------------------------------------------------------------------------------------------
| Tool Version : Vivado v.2018.1 (win64) Build 2188600 Wed Apr  4 18:40:38 MDT 2018
| Date         : Tue Jul 14 16:34:52 2026
| Host         : 232-035 running 64-bit major release  (build 9200)
| Command      : report_timing_summary -max_paths 10 -file led_runner_timing_summary_routed.rpt -pb led_runner_timing_summary_routed.pb -rpx led_runner_timing_summary_routed.rpx -warn_on_violation
| Design       : led_runner
| Device       : 7a100t-csg324
| Speed File   : -1  PRODUCTION 1.21 2018-02-08
-----------------------------------------------------------------------------------------------------------------------------------------------------------------------------------------------------

Timing Summary Report

------------------------------------------------------------------------------------------------
| Timer Settings
| --------------
------------------------------------------------------------------------------------------------

  Enable Multi Corner Analysis               :  Yes
  Enable Pessimism Removal                   :  Yes
  Pessimism Removal Resolution               :  Nearest Common Node
  Enable Input Delay Default Clock           :  No
  Enable Preset / Clear Arcs                 :  No
  Disable Flight Delays                      :  No
  Ignore I/O Paths                           :  No
  Timing Early Launch at Borrowing Latches   :  false

  Corner  Analyze    Analyze    
  Name    Max Paths  Min Paths  
  ------  ---------  ---------  
  Slow    Yes        Yes        
  Fast    Yes        Yes        



check_timing report

Table of Contents
-----------------
1. checking no_clock
2. checking constant_clock
3. checking pulse_width_clock
4. checking unconstrained_internal_endpoints
5. checking no_input_delay
6. checking no_output_delay
7. checking multiple_clock
8. checking generated_clocks
9. checking loops
10. checking partial_input_delay
11. checking partial_output_delay
12. checking latch_loops

1. checking no_clock
--------------------
 There are 0 register/latch pins with no clock.


2. checking constant_clock
--------------------------
 There are 0 register/latch pins with constant_clock.


3. checking pulse_width_clock
-----------------------------
 There are 0 register/latch pins which need pulse_width check


4. checking unconstrained_internal_endpoints
--------------------------------------------
 There are 0 pins that are not constrained for maximum delay.

 There are 0 pins that are not constrained for maximum delay due to constant clock.


5. checking no_input_delay
--------------------------
 There is 1 input port with no input delay specified. (HIGH)

 There are 0 input ports with no input delay but user has a false path constraint.


6. checking no_output_delay
---------------------------
 There are 13 ports with no output delay specified. (HIGH)

 There are 0 ports with no output delay but user has a false path constraint

 There are 0 ports with no output delay but with a timing clock defined on it or propagating through it


7. checking multiple_clock
--------------------------
 There are 0 register/latch pins with multiple clocks.


8. checking generated_clocks
----------------------------
 There are 0 generated clocks that are not connected to a clock source.


9. checking loops
-----------------
 There are 0 combinational loops in the design.


10. checking partial_input_delay
--------------------------------
 There are 0 input ports with partial input delay specified.


11. checking partial_output_delay
---------------------------------
 There are 0 ports with partial output delay specified.


12. checking latch_loops
------------------------
 There are 0 combinational latch loops in the design through latch input



------------------------------------------------------------------------------------------------
| Design Timing Summary
| ---------------------
------------------------------------------------------------------------------------------------

    WNS(ns)      TNS(ns)  TNS Failing Endpoints  TNS Total Endpoints      WHS(ns)      THS(ns)  THS Failing Endpoints  THS Total Endpoints     WPWS(ns)     TPWS(ns)  TPWS Failing Endpoints  TPWS Total Endpoints  
    -------      -------  ---------------------  -------------------      -------      -------  ---------------------  -------------------     --------     --------  ----------------------  --------------------  
      5.730        0.000                      0                   83        0.190        0.000                      0                   83        4.500        0.000                       0                    64  


All user specified timing constraints are met.


------------------------------------------------------------------------------------------------
| Clock Summary
| -------------
------------------------------------------------------------------------------------------------

Clock        Waveform(ns)       Period(ns)      Frequency(MHz)
-----        ------------       ----------      --------------
sys_clk_pin  {0.000 5.000}      10.000          100.000         


------------------------------------------------------------------------------------------------
| Intra Clock Table
| -----------------
------------------------------------------------------------------------------------------------

Clock             WNS(ns)      TNS(ns)  TNS Failing Endpoints  TNS Total Endpoints      WHS(ns)      THS(ns)  THS Failing Endpoints  THS Total Endpoints     WPWS(ns)     TPWS(ns)  TPWS Failing Endpoints  TPWS Total Endpoints  
-----             -------      -------  ---------------------  -------------------      -------      -------  ---------------------  -------------------     --------     --------  ----------------------  --------------------  
sys_clk_pin         5.730        0.000                      0                   83        0.190        0.000                      0                   83        4.500        0.000                       0                    64  


------------------------------------------------------------------------------------------------
| Inter Clock Table
| -----------------
------------------------------------------------------------------------------------------------

From Clock    To Clock          WNS(ns)      TNS(ns)  TNS Failing Endpoints  TNS Total Endpoints      WHS(ns)      THS(ns)  THS Failing Endpoints  THS Total Endpoints  
----------    --------          -------      -------  ---------------------  -------------------      -------      -------  ---------------------  -------------------  


------------------------------------------------------------------------------------------------
| Other Path Groups Table
| -----------------------
------------------------------------------------------------------------------------------------

Path Group    From Clock    To Clock          WNS(ns)      TNS(ns)  TNS Failing Endpoints  TNS Total Endpoints      WHS(ns)      THS(ns)  THS Failing Endpoints  THS Total Endpoints  
----------    ----------    --------          -------      -------  ---------------------  -------------------      -------      -------  ---------------------  -------------------  


------------------------------------------------------------------------------------------------
| Timing Details
| --------------
------------------------------------------------------------------------------------------------


---------------------------------------------------------------------------------------------------
From Clock:  sys_clk_pin
  To Clock:  sys_clk_pin

Setup :            0  Failing Endpoints,  Worst Slack        5.730ns,  Total Violation        0.000ns
Hold  :            0  Failing Endpoints,  Worst Slack        0.190ns,  Total Violation        0.000ns
PW    :            0  Failing Endpoints,  Worst Slack        4.500ns,  Total Violation        0.000ns
---------------------------------------------------------------------------------------------------


Max Delay Paths
--------------------------------------------------------------------------------------
Slack (MET) :             5.730ns  (required time - arrival time)
  Source:                 move_counter_reg[18]/C
                            (rising edge-triggered cell FDCE clocked by sys_clk_pin  {rise@0.000ns fall@5.000ns period=10.000ns})
  Destination:            snake_body1_reg[0]/CE
                            (rising edge-triggered cell FDCE clocked by sys_clk_pin  {rise@0.000ns fall@5.000ns period=10.000ns})
  Path Group:             sys_clk_pin
  Path Type:              Setup (Max at Slow Process Corner)
  Requirement:            10.000ns  (sys_clk_pin rise@10.000ns - sys_clk_pin rise@0.000ns)
  Data Path Delay:        3.991ns  (logic 0.704ns (17.638%)  route 3.287ns (82.362%))
  Logic Levels:           2  (LUT5=1 LUT6=1)
  Clock Path Skew:        -0.038ns (DCD - SCD + CPR)
    Destination Clock Delay (DCD):    5.028ns = ( 15.028 - 10.000 ) 
    Source Clock Delay      (SCD):    5.325ns
    Clock Pessimism Removal (CPR):    0.259ns
  Clock Uncertainty:      0.035ns  ((TSJ^2 + TIJ^2)^1/2 + DJ) / 2 + PE
    Total System Jitter     (TSJ):    0.071ns
    Total Input Jitter      (TIJ):    0.000ns
    Discrete Jitter          (DJ):    0.000ns
    Phase Error              (PE):    0.000ns

    Location             Delay type                Incr(ns)  Path(ns)    Netlist Resource(s)
  -------------------------------------------------------------------    -------------------
                         (clock sys_clk_pin rise edge)
                                                      0.000     0.000 r  
    E3                                                0.000     0.000 r  clk (IN)
                         net (fo=0)                   0.000     0.000    clk
    E3                   IBUF (Prop_ibuf_I_O)         1.482     1.482 r  clk_IBUF_inst/O
                         net (fo=1, routed)           2.025     3.506    clk_IBUF
    BUFGCTRL_X0Y16       BUFG (Prop_bufg_I_O)         0.096     3.602 r  clk_IBUF_BUFG_inst/O
                         net (fo=63, routed)          1.722     5.325    clk_IBUF_BUFG
    SLICE_X7Y89          FDCE                                         r  move_counter_reg[18]/C
  -------------------------------------------------------------------    -------------------
    SLICE_X7Y89          FDCE (Prop_fdce_C_Q)         0.456     5.781 f  move_counter_reg[18]/Q
                         net (fo=2, routed)           1.424     7.205    move_counter_reg_n_0_[18]
    SLICE_X7Y87          LUT6 (Prop_lut6_I3_O)        0.124     7.329 f  move_counter[23]_i_5/O
                         net (fo=26, routed)          1.187     8.515    move_counter[23]_i_5_n_0
    SLICE_X5Y90          LUT5 (Prop_lut5_I4_O)        0.124     8.639 r  snake_head[4]_i_1/O
                         net (fo=20, routed)          0.677     9.316    snake_head
    SLICE_X3Y93          FDCE                                         r  snake_body1_reg[0]/CE
  -------------------------------------------------------------------    -------------------

                         (clock sys_clk_pin rise edge)
                                                     10.000    10.000 r  
    E3                                                0.000    10.000 r  clk (IN)
                         net (fo=0)                   0.000    10.000    clk
    E3                   IBUF (Prop_ibuf_I_O)         1.411    11.411 r  clk_IBUF_inst/O
                         net (fo=1, routed)           1.920    13.331    clk_IBUF
    BUFGCTRL_X0Y16       BUFG (Prop_bufg_I_O)         0.091    13.422 r  clk_IBUF_BUFG_inst/O
                         net (fo=63, routed)          1.605    15.028    clk_IBUF_BUFG
    SLICE_X3Y93          FDCE                                         r  snake_body1_reg[0]/C
                         clock pessimism              0.259    15.287    
                         clock uncertainty           -0.035    15.251    
    SLICE_X3Y93          FDCE (Setup_fdce_C_CE)      -0.205    15.046    snake_body1_reg[0]
  -------------------------------------------------------------------
                         required time                         15.046    
                         arrival time                          -9.316    
  -------------------------------------------------------------------
                         slack                                  5.730    

Slack (MET) :             5.730ns  (required time - arrival time)
  Source:                 move_counter_reg[18]/C
                            (rising edge-triggered cell FDCE clocked by sys_clk_pin  {rise@0.000ns fall@5.000ns period=10.000ns})
  Destination:            snake_body1_reg[1]/CE
                            (rising edge-triggered cell FDPE clocked by sys_clk_pin  {rise@0.000ns fall@5.000ns period=10.000ns})
  Path Group:             sys_clk_pin
  Path Type:              Setup (Max at Slow Process Corner)
  Requirement:            10.000ns  (sys_clk_pin rise@10.000ns - sys_clk_pin rise@0.000ns)
  Data Path Delay:        3.991ns  (logic 0.704ns (17.638%)  route 3.287ns (82.362%))
  Logic Levels:           2  (LUT5=1 LUT6=1)
  Clock Path Skew:        -0.038ns (DCD - SCD + CPR)
    Destination Clock Delay (DCD):    5.028ns = ( 15.028 - 10.000 ) 
    Source Clock Delay      (SCD):    5.325ns
    Clock Pessimism Removal (CPR):    0.259ns
  Clock Uncertainty:      0.035ns  ((TSJ^2 + TIJ^2)^1/2 + DJ) / 2 + PE
    Total System Jitter     (TSJ):    0.071ns
    Total Input Jitter      (TIJ):    0.000ns
    Discrete Jitter          (DJ):    0.000ns
    Phase Error              (PE):    0.000ns

    Location             Delay type                Incr(ns)  Path(ns)    Netlist Resource(s)
  -------------------------------------------------------------------    -------------------
                         (clock sys_clk_pin rise edge)
                                                      0.000     0.000 r  
    E3                                                0.000     0.000 r  clk (IN)
                         net (fo=0)                   0.000     0.000    clk
    E3                   IBUF (Prop_ibuf_I_O)         1.482     1.482 r  clk_IBUF_inst/O
                         net (fo=1, routed)           2.025     3.506    clk_IBUF
    BUFGCTRL_X0Y16       BUFG (Prop_bufg_I_O)         0.096     3.602 r  clk_IBUF_BUFG_inst/O
                         net (fo=63, routed)          1.722     5.325    clk_IBUF_BUFG
    SLICE_X7Y89          FDCE                                         r  move_counter_reg[18]/C
  -------------------------------------------------------------------    -------------------
    SLICE_X7Y89          FDCE (Prop_fdce_C_Q)         0.456     5.781 f  move_counter_reg[18]/Q
                         net (fo=2, routed)           1.424     7.205    move_counter_reg_n_0_[18]
    SLICE_X7Y87          LUT6 (Prop_lut6_I3_O)        0.124     7.329 f  move_counter[23]_i_5/O
                         net (fo=26, routed)          1.187     8.515    move_counter[23]_i_5_n_0
    SLICE_X5Y90          LUT5 (Prop_lut5_I4_O)        0.124     8.639 r  snake_head[4]_i_1/O
                         net (fo=20, routed)          0.677     9.316    snake_head
    SLICE_X3Y93          FDPE                                         r  snake_body1_reg[1]/CE
  -------------------------------------------------------------------    -------------------

                         (clock sys_clk_pin rise edge)
                                                     10.000    10.000 r  
    E3                                                0.000    10.000 r  clk (IN)
                         net (fo=0)                   0.000    10.000    clk
    E3                   IBUF (Prop_ibuf_I_O)         1.411    11.411 r  clk_IBUF_inst/O
                         net (fo=1, routed)           1.920    13.331    clk_IBUF
    BUFGCTRL_X0Y16       BUFG (Prop_bufg_I_O)         0.091    13.422 r  clk_IBUF_BUFG_inst/O
                         net (fo=63, routed)          1.605    15.028    clk_IBUF_BUFG
    SLICE_X3Y93          FDPE                                         r  snake_body1_reg[1]/C
                         clock pessimism              0.259    15.287    
                         clock uncertainty           -0.035    15.251    
    SLICE_X3Y93          FDPE (Setup_fdpe_C_CE)      -0.205    15.046    snake_body1_reg[1]
  -------------------------------------------------------------------
                         required time                         15.046    
                         arrival time                          -9.316    
  -------------------------------------------------------------------
                         slack                                  5.730    

Slack (MET) :             5.761ns  (required time - arrival time)
  Source:                 move_counter_reg[18]/C
                            (rising edge-triggered cell FDCE clocked by sys_clk_pin  {rise@0.000ns fall@5.000ns period=10.000ns})
  Destination:            snake_body2_reg[2]/CE
                            (rising edge-triggered cell FDCE clocked by sys_clk_pin  {rise@0.000ns fall@5.000ns period=10.000ns})
  Path Group:             sys_clk_pin
  Path Type:              Setup (Max at Slow Process Corner)
  Requirement:            10.000ns  (sys_clk_pin rise@10.000ns - sys_clk_pin rise@0.000ns)
  Data Path Delay:        3.976ns  (logic 0.704ns (17.708%)  route 3.272ns (82.292%))
  Logic Levels:           2  (LUT5=1 LUT6=1)
  Clock Path Skew:        -0.023ns (DCD - SCD + CPR)
    Destination Clock Delay (DCD):    5.026ns = ( 15.026 - 10.000 ) 
    Source Clock Delay      (SCD):    5.325ns
    Clock Pessimism Removal (CPR):    0.276ns
  Clock Uncertainty:      0.035ns  ((TSJ^2 + TIJ^2)^1/2 + DJ) / 2 + PE
    Total System Jitter     (TSJ):    0.071ns
    Total Input Jitter      (TIJ):    0.000ns
    Discrete Jitter          (DJ):    0.000ns
    Phase Error              (PE):    0.000ns

    Location             Delay type                Incr(ns)  Path(ns)    Netlist Resource(s)
  -------------------------------------------------------------------    -------------------
                         (clock sys_clk_pin rise edge)
                                                      0.000     0.000 r  
    E3                                                0.000     0.000 r  clk (IN)
                         net (fo=0)                   0.000     0.000    clk
    E3                   IBUF (Prop_ibuf_I_O)         1.482     1.482 r  clk_IBUF_inst/O
                         net (fo=1, routed)           2.025     3.506    clk_IBUF
    BUFGCTRL_X0Y16       BUFG (Prop_bufg_I_O)         0.096     3.602 r  clk_IBUF_BUFG_inst/O
                         net (fo=63, routed)          1.722     5.325    clk_IBUF_BUFG
    SLICE_X7Y89          FDCE                                         r  move_counter_reg[18]/C
  -------------------------------------------------------------------    -------------------
    SLICE_X7Y89          FDCE (Prop_fdce_C_Q)         0.456     5.781 f  move_counter_reg[18]/Q
                         net (fo=2, routed)           1.424     7.205    move_counter_reg_n_0_[18]
    SLICE_X7Y87          LUT6 (Prop_lut6_I3_O)        0.124     7.329 f  move_counter[23]_i_5/O
                         net (fo=26, routed)          1.187     8.515    move_counter[23]_i_5_n_0
    SLICE_X5Y90          LUT5 (Prop_lut5_I4_O)        0.124     8.639 r  snake_head[4]_i_1/O
                         net (fo=20, routed)          0.661     9.300    snake_head
    SLICE_X4Y93          FDCE                                         r  snake_body2_reg[2]/CE
  -------------------------------------------------------------------    -------------------

                         (clock sys_clk_pin rise edge)
                                                     10.000    10.000 r  
    E3                                                0.000    10.000 r  clk (IN)
                         net (fo=0)                   0.000    10.000    clk
    E3                   IBUF (Prop_ibuf_I_O)         1.411    11.411 r  clk_IBUF_inst/O
                         net (fo=1, routed)           1.920    13.331    clk_IBUF
    BUFGCTRL_X0Y16       BUFG (Prop_bufg_I_O)         0.091    13.422 r  clk_IBUF_BUFG_inst/O
                         net (fo=63, routed)          1.603    15.026    clk_IBUF_BUFG
    SLICE_X4Y93          FDCE                                         r  snake_body2_reg[2]/C
                         clock pessimism              0.276    15.302    
                         clock uncertainty           -0.035    15.266    
    SLICE_X4Y93          FDCE (Setup_fdce_C_CE)      -0.205    15.061    snake_body2_reg[2]
  -------------------------------------------------------------------
                         required time                         15.061    
                         arrival time                          -9.300    
  -------------------------------------------------------------------
                         slack                                  5.761    

Slack (MET) :             5.761ns  (required time - arrival time)
  Source:                 move_counter_reg[18]/C
                            (rising edge-triggered cell FDCE clocked by sys_clk_pin  {rise@0.000ns fall@5.000ns period=10.000ns})
  Destination:            snake_body2_reg[3]/CE
                            (rising edge-triggered cell FDCE clocked by sys_clk_pin  {rise@0.000ns fall@5.000ns period=10.000ns})
  Path Group:             sys_clk_pin
  Path Type:              Setup (Max at Slow Process Corner)
  Requirement:            10.000ns  (sys_clk_pin rise@10.000ns - sys_clk_pin rise@0.000ns)
  Data Path Delay:        3.976ns  (logic 0.704ns (17.708%)  route 3.272ns (82.292%))
  Logic Levels:           2  (LUT5=1 LUT6=1)
  Clock Path Skew:        -0.023ns (DCD - SCD + CPR)
    Destination Clock Delay (DCD):    5.026ns = ( 15.026 - 10.000 ) 
    Source Clock Delay      (SCD):    5.325ns
    Clock Pessimism Removal (CPR):    0.276ns
  Clock Uncertainty:      0.035ns  ((TSJ^2 + TIJ^2)^1/2 + DJ) / 2 + PE
    Total System Jitter     (TSJ):    0.071ns
    Total Input Jitter      (TIJ):    0.000ns
    Discrete Jitter          (DJ):    0.000ns
    Phase Error              (PE):    0.000ns

    Location             Delay type                Incr(ns)  Path(ns)    Netlist Resource(s)
  -------------------------------------------------------------------    -------------------
                         (clock sys_clk_pin rise edge)
                                                      0.000     0.000 r  
    E3                                                0.000     0.000 r  clk (IN)
                         net (fo=0)                   0.000     0.000    clk
    E3                   IBUF (Prop_ibuf_I_O)         1.482     1.482 r  clk_IBUF_inst/O
                         net (fo=1, routed)           2.025     3.506    clk_IBUF
    BUFGCTRL_X0Y16       BUFG (Prop_bufg_I_O)         0.096     3.602 r  clk_IBUF_BUFG_inst/O
                         net (fo=63, routed)          1.722     5.325    clk_IBUF_BUFG
    SLICE_X7Y89          FDCE                                         r  move_counter_reg[18]/C
  -------------------------------------------------------------------    -------------------
    SLICE_X7Y89          FDCE (Prop_fdce_C_Q)         0.456     5.781 f  move_counter_reg[18]/Q
                         net (fo=2, routed)           1.424     7.205    move_counter_reg_n_0_[18]
    SLICE_X7Y87          LUT6 (Prop_lut6_I3_O)        0.124     7.329 f  move_counter[23]_i_5/O
                         net (fo=26, routed)          1.187     8.515    move_counter[23]_i_5_n_0
    SLICE_X5Y90          LUT5 (Prop_lut5_I4_O)        0.124     8.639 r  snake_head[4]_i_1/O
                         net (fo=20, routed)          0.661     9.300    snake_head
    SLICE_X4Y93          FDCE                                         r  snake_body2_reg[3]/CE
  -------------------------------------------------------------------    -------------------

                         (clock sys_clk_pin rise edge)
                                                     10.000    10.000 r  
    E3                                                0.000    10.000 r  clk (IN)
                         net (fo=0)                   0.000    10.000    clk
    E3                   IBUF (Prop_ibuf_I_O)         1.411    11.411 r  clk_IBUF_inst/O
                         net (fo=1, routed)           1.920    13.331    clk_IBUF
    BUFGCTRL_X0Y16       BUFG (Prop_bufg_I_O)         0.091    13.422 r  clk_IBUF_BUFG_inst/O
                         net (fo=63, routed)          1.603    15.026    clk_IBUF_BUFG
    SLICE_X4Y93          FDCE                                         r  snake_body2_reg[3]/C
                         clock pessimism              0.276    15.302    
                         clock uncertainty           -0.035    15.266    
    SLICE_X4Y93          FDCE (Setup_fdce_C_CE)      -0.205    15.061    snake_body2_reg[3]
  -------------------------------------------------------------------
                         required time                         15.061    
                         arrival time                          -9.300    
  -------------------------------------------------------------------
                         slack                                  5.761    

Slack (MET) :             5.764ns  (required time - arrival time)
  Source:                 move_counter_reg[18]/C
                            (rising edge-triggered cell FDCE clocked by sys_clk_pin  {rise@0.000ns fall@5.000ns period=10.000ns})
  Destination:            snake_body1_reg[3]/CE
                            (rising edge-triggered cell FDCE clocked by sys_clk_pin  {rise@0.000ns fall@5.000ns period=10.000ns})
  Path Group:             sys_clk_pin
  Path Type:              Setup (Max at Slow Process Corner)
  Requirement:            10.000ns  (sys_clk_pin rise@10.000ns - sys_clk_pin rise@0.000ns)
  Data Path Delay:        3.972ns  (logic 0.704ns (17.724%)  route 3.268ns (82.276%))
  Logic Levels:           2  (LUT5=1 LUT6=1)
  Clock Path Skew:        -0.024ns (DCD - SCD + CPR)
    Destination Clock Delay (DCD):    5.025ns = ( 15.025 - 10.000 ) 
    Source Clock Delay      (SCD):    5.325ns
    Clock Pessimism Removal (CPR):    0.276ns
  Clock Uncertainty:      0.035ns  ((TSJ^2 + TIJ^2)^1/2 + DJ) / 2 + PE
    Total System Jitter     (TSJ):    0.071ns
    Total Input Jitter      (TIJ):    0.000ns
    Discrete Jitter          (DJ):    0.000ns
    Phase Error              (PE):    0.000ns

    Location             Delay type                Incr(ns)  Path(ns)    Netlist Resource(s)
  -------------------------------------------------------------------    -------------------
                         (clock sys_clk_pin rise edge)
                                                      0.000     0.000 r  
    E3                                                0.000     0.000 r  clk (IN)
                         net (fo=0)                   0.000     0.000    clk
    E3                   IBUF (Prop_ibuf_I_O)         1.482     1.482 r  clk_IBUF_inst/O
                         net (fo=1, routed)           2.025     3.506    clk_IBUF
    BUFGCTRL_X0Y16       BUFG (Prop_bufg_I_O)         0.096     3.602 r  clk_IBUF_BUFG_inst/O
                         net (fo=63, routed)          1.722     5.325    clk_IBUF_BUFG
    SLICE_X7Y89          FDCE                                         r  move_counter_reg[18]/C
  -------------------------------------------------------------------    -------------------
    SLICE_X7Y89          FDCE (Prop_fdce_C_Q)         0.456     5.781 f  move_counter_reg[18]/Q
                         net (fo=2, routed)           1.424     7.205    move_counter_reg_n_0_[18]
    SLICE_X7Y87          LUT6 (Prop_lut6_I3_O)        0.124     7.329 f  move_counter[23]_i_5/O
                         net (fo=26, routed)          1.187     8.515    move_counter[23]_i_5_n_0
    SLICE_X5Y90          LUT5 (Prop_lut5_I4_O)        0.124     8.639 r  snake_head[4]_i_1/O
                         net (fo=20, routed)          0.657     9.297    snake_head
    SLICE_X4Y92          FDCE                                         r  snake_body1_reg[3]/CE
  -------------------------------------------------------------------    -------------------

                         (clock sys_clk_pin rise edge)
                                                     10.000    10.000 r  
    E3                                                0.000    10.000 r  clk (IN)
                         net (fo=0)                   0.000    10.000    clk
    E3                   IBUF (Prop_ibuf_I_O)         1.411    11.411 r  clk_IBUF_inst/O
                         net (fo=1, routed)           1.920    13.331    clk_IBUF
    BUFGCTRL_X0Y16       BUFG (Prop_bufg_I_O)         0.091    13.422 r  clk_IBUF_BUFG_inst/O
                         net (fo=63, routed)          1.602    15.025    clk_IBUF_BUFG
    SLICE_X4Y92          FDCE                                         r  snake_body1_reg[3]/C
                         clock pessimism              0.276    15.301    
                         clock uncertainty           -0.035    15.265    
    SLICE_X4Y92          FDCE (Setup_fdce_C_CE)      -0.205    15.060    snake_body1_reg[3]
  -------------------------------------------------------------------
                         required time                         15.060    
                         arrival time                          -9.297    
  -------------------------------------------------------------------
                         slack                                  5.764    

Slack (MET) :             5.764ns  (required time - arrival time)
  Source:                 move_counter_reg[18]/C
                            (rising edge-triggered cell FDCE clocked by sys_clk_pin  {rise@0.000ns fall@5.000ns period=10.000ns})
  Destination:            snake_body1_reg[4]/CE
                            (rising edge-triggered cell FDCE clocked by sys_clk_pin  {rise@0.000ns fall@5.000ns period=10.000ns})
  Path Group:             sys_clk_pin
  Path Type:              Setup (Max at Slow Process Corner)
  Requirement:            10.000ns  (sys_clk_pin rise@10.000ns - sys_clk_pin rise@0.000ns)
  Data Path Delay:        3.972ns  (logic 0.704ns (17.724%)  route 3.268ns (82.276%))
  Logic Levels:           2  (LUT5=1 LUT6=1)
  Clock Path Skew:        -0.024ns (DCD - SCD + CPR)
    Destination Clock Delay (DCD):    5.025ns = ( 15.025 - 10.000 ) 
    Source Clock Delay      (SCD):    5.325ns
    Clock Pessimism Removal (CPR):    0.276ns
  Clock Uncertainty:      0.035ns  ((TSJ^2 + TIJ^2)^1/2 + DJ) / 2 + PE
    Total System Jitter     (TSJ):    0.071ns
    Total Input Jitter      (TIJ):    0.000ns
    Discrete Jitter          (DJ):    0.000ns
    Phase Error              (PE):    0.000ns

    Location             Delay type                Incr(ns)  Path(ns)    Netlist Resource(s)
  -------------------------------------------------------------------    -------------------
                         (clock sys_clk_pin rise edge)
                                                      0.000     0.000 r  
    E3                                                0.000     0.000 r  clk (IN)
                         net (fo=0)                   0.000     0.000    clk
    E3                   IBUF (Prop_ibuf_I_O)         1.482     1.482 r  clk_IBUF_inst/O
                         net (fo=1, routed)           2.025     3.506    clk_IBUF
    BUFGCTRL_X0Y16       BUFG (Prop_bufg_I_O)         0.096     3.602 r  clk_IBUF_BUFG_inst/O
                         net (fo=63, routed)          1.722     5.325    clk_IBUF_BUFG
    SLICE_X7Y89          FDCE                                         r  move_counter_reg[18]/C
  -------------------------------------------------------------------    -------------------
    SLICE_X7Y89          FDCE (Prop_fdce_C_Q)         0.456     5.781 f  move_counter_reg[18]/Q
                         net (fo=2, routed)           1.424     7.205    move_counter_reg_n_0_[18]
    SLICE_X7Y87          LUT6 (Prop_lut6_I3_O)        0.124     7.329 f  move_counter[23]_i_5/O
                         net (fo=26, routed)          1.187     8.515    move_counter[23]_i_5_n_0
    SLICE_X5Y90          LUT5 (Prop_lut5_I4_O)        0.124     8.639 r  snake_head[4]_i_1/O
                         net (fo=20, routed)          0.657     9.297    snake_head
    SLICE_X4Y92          FDCE                                         r  snake_body1_reg[4]/CE
  -------------------------------------------------------------------    -------------------

                         (clock sys_clk_pin rise edge)
                                                     10.000    10.000 r  
    E3                                                0.000    10.000 r  clk (IN)
                         net (fo=0)                   0.000    10.000    clk
    E3                   IBUF (Prop_ibuf_I_O)         1.411    11.411 r  clk_IBUF_inst/O
                         net (fo=1, routed)           1.920    13.331    clk_IBUF
    BUFGCTRL_X0Y16       BUFG (Prop_bufg_I_O)         0.091    13.422 r  clk_IBUF_BUFG_inst/O
                         net (fo=63, routed)          1.602    15.025    clk_IBUF_BUFG
    SLICE_X4Y92          FDCE                                         r  snake_body1_reg[4]/C
                         clock pessimism              0.276    15.301    
                         clock uncertainty           -0.035    15.265    
    SLICE_X4Y92          FDCE (Setup_fdce_C_CE)      -0.205    15.060    snake_body1_reg[4]
  -------------------------------------------------------------------
                         required time                         15.060    
                         arrival time                          -9.297    
  -------------------------------------------------------------------
                         slack                                  5.764    

Slack (MET) :             5.764ns  (required time - arrival time)
  Source:                 move_counter_reg[18]/C
                            (rising edge-triggered cell FDCE clocked by sys_clk_pin  {rise@0.000ns fall@5.000ns period=10.000ns})
  Destination:            snake_body2_reg[4]/CE
                            (rising edge-triggered cell FDCE clocked by sys_clk_pin  {rise@0.000ns fall@5.000ns period=10.000ns})
  Path Group:             sys_clk_pin
  Path Type:              Setup (Max at Slow Process Corner)
  Requirement:            10.000ns  (sys_clk_pin rise@10.000ns - sys_clk_pin rise@0.000ns)
  Data Path Delay:        3.972ns  (logic 0.704ns (17.724%)  route 3.268ns (82.276%))
  Logic Levels:           2  (LUT5=1 LUT6=1)
  Clock Path Skew:        -0.024ns (DCD - SCD + CPR)
    Destination Clock Delay (DCD):    5.025ns = ( 15.025 - 10.000 ) 
    Source Clock Delay      (SCD):    5.325ns
    Clock Pessimism Removal (CPR):    0.276ns
  Clock Uncertainty:      0.035ns  ((TSJ^2 + TIJ^2)^1/2 + DJ) / 2 + PE
    Total System Jitter     (TSJ):    0.071ns
    Total Input Jitter      (TIJ):    0.000ns
    Discrete Jitter          (DJ):    0.000ns
    Phase Error              (PE):    0.000ns

    Location             Delay type                Incr(ns)  Path(ns)    Netlist Resource(s)
  -------------------------------------------------------------------    -------------------
                         (clock sys_clk_pin rise edge)
                                                      0.000     0.000 r  
    E3                                                0.000     0.000 r  clk (IN)
                         net (fo=0)                   0.000     0.000    clk
    E3                   IBUF (Prop_ibuf_I_O)         1.482     1.482 r  clk_IBUF_inst/O
                         net (fo=1, routed)           2.025     3.506    clk_IBUF
    BUFGCTRL_X0Y16       BUFG (Prop_bufg_I_O)         0.096     3.602 r  clk_IBUF_BUFG_inst/O
                         net (fo=63, routed)          1.722     5.325    clk_IBUF_BUFG
    SLICE_X7Y89          FDCE                                         r  move_counter_reg[18]/C
  -------------------------------------------------------------------    -------------------
    SLICE_X7Y89          FDCE (Prop_fdce_C_Q)         0.456     5.781 f  move_counter_reg[18]/Q
                         net (fo=2, routed)           1.424     7.205    move_counter_reg_n_0_[18]
    SLICE_X7Y87          LUT6 (Prop_lut6_I3_O)        0.124     7.329 f  move_counter[23]_i_5/O
                         net (fo=26, routed)          1.187     8.515    move_counter[23]_i_5_n_0
    SLICE_X5Y90          LUT5 (Prop_lut5_I4_O)        0.124     8.639 r  snake_head[4]_i_1/O
                         net (fo=20, routed)          0.657     9.297    snake_head
    SLICE_X4Y92          FDCE                                         r  snake_body2_reg[4]/CE
  -------------------------------------------------------------------    -------------------

                         (clock sys_clk_pin rise edge)
                                                     10.000    10.000 r  
    E3                                                0.000    10.000 r  clk (IN)
                         net (fo=0)                   0.000    10.000    clk
    E3                   IBUF (Prop_ibuf_I_O)         1.411    11.411 r  clk_IBUF_inst/O
                         net (fo=1, routed)           1.920    13.331    clk_IBUF
    BUFGCTRL_X0Y16       BUFG (Prop_bufg_I_O)         0.091    13.422 r  clk_IBUF_BUFG_inst/O
                         net (fo=63, routed)          1.602    15.025    clk_IBUF_BUFG
    SLICE_X4Y92          FDCE                                         r  snake_body2_reg[4]/C
                         clock pessimism              0.276    15.301    
                         clock uncertainty           -0.035    15.265    
    SLICE_X4Y92          FDCE (Setup_fdce_C_CE)      -0.205    15.060    snake_body2_reg[4]
  -------------------------------------------------------------------
                         required time                         15.060    
                         arrival time                          -9.297    
  -------------------------------------------------------------------
                         slack                                  5.764    

Slack (MET) :             5.764ns  (required time - arrival time)
  Source:                 move_counter_reg[18]/C
                            (rising edge-triggered cell FDCE clocked by sys_clk_pin  {rise@0.000ns fall@5.000ns period=10.000ns})
  Destination:            snake_body3_reg[4]/CE
                            (rising edge-triggered cell FDCE clocked by sys_clk_pin  {rise@0.000ns fall@5.000ns period=10.000ns})
  Path Group:             sys_clk_pin
  Path Type:              Setup (Max at Slow Process Corner)
  Requirement:            10.000ns  (sys_clk_pin rise@10.000ns - sys_clk_pin rise@0.000ns)
  Data Path Delay:        3.972ns  (logic 0.704ns (17.724%)  route 3.268ns (82.276%))
  Logic Levels:           2  (LUT5=1 LUT6=1)
  Clock Path Skew:        -0.024ns (DCD - SCD + CPR)
    Destination Clock Delay (DCD):    5.025ns = ( 15.025 - 10.000 ) 
    Source Clock Delay      (SCD):    5.325ns
    Clock Pessimism Removal (CPR):    0.276ns
  Clock Uncertainty:      0.035ns  ((TSJ^2 + TIJ^2)^1/2 + DJ) / 2 + PE
    Total System Jitter     (TSJ):    0.071ns
    Total Input Jitter      (TIJ):    0.000ns
    Discrete Jitter          (DJ):    0.000ns
    Phase Error              (PE):    0.000ns

    Location             Delay type                Incr(ns)  Path(ns)    Netlist Resource(s)
  -------------------------------------------------------------------    -------------------
                         (clock sys_clk_pin rise edge)
                                                      0.000     0.000 r  
    E3                                                0.000     0.000 r  clk (IN)
                         net (fo=0)                   0.000     0.000    clk
    E3                   IBUF (Prop_ibuf_I_O)         1.482     1.482 r  clk_IBUF_inst/O
                         net (fo=1, routed)           2.025     3.506    clk_IBUF
    BUFGCTRL_X0Y16       BUFG (Prop_bufg_I_O)         0.096     3.602 r  clk_IBUF_BUFG_inst/O
                         net (fo=63, routed)          1.722     5.325    clk_IBUF_BUFG
    SLICE_X7Y89          FDCE                                         r  move_counter_reg[18]/C
  -------------------------------------------------------------------    -------------------
    SLICE_X7Y89          FDCE (Prop_fdce_C_Q)         0.456     5.781 f  move_counter_reg[18]/Q
                         net (fo=2, routed)           1.424     7.205    move_counter_reg_n_0_[18]
    SLICE_X7Y87          LUT6 (Prop_lut6_I3_O)        0.124     7.329 f  move_counter[23]_i_5/O
                         net (fo=26, routed)          1.187     8.515    move_counter[23]_i_5_n_0
    SLICE_X5Y90          LUT5 (Prop_lut5_I4_O)        0.124     8.639 r  snake_head[4]_i_1/O
                         net (fo=20, routed)          0.657     9.297    snake_head
    SLICE_X4Y92          FDCE                                         r  snake_body3_reg[4]/CE
  -------------------------------------------------------------------    -------------------

                         (clock sys_clk_pin rise edge)
                                                     10.000    10.000 r  
    E3                                                0.000    10.000 r  clk (IN)
                         net (fo=0)                   0.000    10.000    clk
    E3                   IBUF (Prop_ibuf_I_O)         1.411    11.411 r  clk_IBUF_inst/O
                         net (fo=1, routed)           1.920    13.331    clk_IBUF
    BUFGCTRL_X0Y16       BUFG (Prop_bufg_I_O)         0.091    13.422 r  clk_IBUF_BUFG_inst/O
                         net (fo=63, routed)          1.602    15.025    clk_IBUF_BUFG
    SLICE_X4Y92          FDCE                                         r  snake_body3_reg[4]/C
                         clock pessimism              0.276    15.301    
                         clock uncertainty           -0.035    15.265    
    SLICE_X4Y92          FDCE (Setup_fdce_C_CE)      -0.205    15.060    snake_body3_reg[4]
  -------------------------------------------------------------------
                         required time                         15.060    
                         arrival time                          -9.297    
  -------------------------------------------------------------------
                         slack                                  5.764    

Slack (MET) :             5.862ns  (required time - arrival time)
  Source:                 move_counter_reg[18]/C
                            (rising edge-triggered cell FDCE clocked by sys_clk_pin  {rise@0.000ns fall@5.000ns period=10.000ns})
  Destination:            snake_head_reg[1]/CE
                            (rising edge-triggered cell FDPE clocked by sys_clk_pin  {rise@0.000ns fall@5.000ns period=10.000ns})
  Path Group:             sys_clk_pin
  Path Type:              Setup (Max at Slow Process Corner)
  Requirement:            10.000ns  (sys_clk_pin rise@10.000ns - sys_clk_pin rise@0.000ns)
  Data Path Delay:        3.874ns  (logic 0.704ns (18.174%)  route 3.170ns (81.826%))
  Logic Levels:           2  (LUT5=1 LUT6=1)
  Clock Path Skew:        -0.024ns (DCD - SCD + CPR)
    Destination Clock Delay (DCD):    5.025ns = ( 15.025 - 10.000 ) 
    Source Clock Delay      (SCD):    5.325ns
    Clock Pessimism Removal (CPR):    0.276ns
  Clock Uncertainty:      0.035ns  ((TSJ^2 + TIJ^2)^1/2 + DJ) / 2 + PE
    Total System Jitter     (TSJ):    0.071ns
    Total Input Jitter      (TIJ):    0.000ns
    Discrete Jitter          (DJ):    0.000ns
    Phase Error              (PE):    0.000ns

    Location             Delay type                Incr(ns)  Path(ns)    Netlist Resource(s)
  -------------------------------------------------------------------    -------------------
                         (clock sys_clk_pin rise edge)
                                                      0.000     0.000 r  
    E3                                                0.000     0.000 r  clk (IN)
                         net (fo=0)                   0.000     0.000    clk
    E3                   IBUF (Prop_ibuf_I_O)         1.482     1.482 r  clk_IBUF_inst/O
                         net (fo=1, routed)           2.025     3.506    clk_IBUF
    BUFGCTRL_X0Y16       BUFG (Prop_bufg_I_O)         0.096     3.602 r  clk_IBUF_BUFG_inst/O
                         net (fo=63, routed)          1.722     5.325    clk_IBUF_BUFG
    SLICE_X7Y89          FDCE                                         r  move_counter_reg[18]/C
  -------------------------------------------------------------------    -------------------
    SLICE_X7Y89          FDCE (Prop_fdce_C_Q)         0.456     5.781 f  move_counter_reg[18]/Q
                         net (fo=2, routed)           1.424     7.205    move_counter_reg_n_0_[18]
    SLICE_X7Y87          LUT6 (Prop_lut6_I3_O)        0.124     7.329 f  move_counter[23]_i_5/O
                         net (fo=26, routed)          1.187     8.515    move_counter[23]_i_5_n_0
    SLICE_X5Y90          LUT5 (Prop_lut5_I4_O)        0.124     8.639 r  snake_head[4]_i_1/O
                         net (fo=20, routed)          0.559     9.198    snake_head
    SLICE_X4Y91          FDPE                                         r  snake_head_reg[1]/CE
  -------------------------------------------------------------------    -------------------

                         (clock sys_clk_pin rise edge)
                                                     10.000    10.000 r  
    E3                                                0.000    10.000 r  clk (IN)
                         net (fo=0)                   0.000    10.000    clk
    E3                   IBUF (Prop_ibuf_I_O)         1.411    11.411 r  clk_IBUF_inst/O
                         net (fo=1, routed)           1.920    13.331    clk_IBUF
    BUFGCTRL_X0Y16       BUFG (Prop_bufg_I_O)         0.091    13.422 r  clk_IBUF_BUFG_inst/O
                         net (fo=63, routed)          1.602    15.025    clk_IBUF_BUFG
    SLICE_X4Y91          FDPE                                         r  snake_head_reg[1]/C
                         clock pessimism              0.276    15.301    
                         clock uncertainty           -0.035    15.265    
    SLICE_X4Y91          FDPE (Setup_fdpe_C_CE)      -0.205    15.060    snake_head_reg[1]
  -------------------------------------------------------------------
                         required time                         15.060    
                         arrival time                          -9.198    
  -------------------------------------------------------------------
                         slack                                  5.862    

Slack (MET) :             5.862ns  (required time - arrival time)
  Source:                 move_counter_reg[18]/C
                            (rising edge-triggered cell FDCE clocked by sys_clk_pin  {rise@0.000ns fall@5.000ns period=10.000ns})
  Destination:            snake_head_reg[2]/CE
                            (rising edge-triggered cell FDCE clocked by sys_clk_pin  {rise@0.000ns fall@5.000ns period=10.000ns})
  Path Group:             sys_clk_pin
  Path Type:              Setup (Max at Slow Process Corner)
  Requirement:            10.000ns  (sys_clk_pin rise@10.000ns - sys_clk_pin rise@0.000ns)
  Data Path Delay:        3.874ns  (logic 0.704ns (18.174%)  route 3.170ns (81.826%))
  Logic Levels:           2  (LUT5=1 LUT6=1)
  Clock Path Skew:        -0.024ns (DCD - SCD + CPR)
    Destination Clock Delay (DCD):    5.025ns = ( 15.025 - 10.000 ) 
    Source Clock Delay      (SCD):    5.325ns
    Clock Pessimism Removal (CPR):    0.276ns
  Clock Uncertainty:      0.035ns  ((TSJ^2 + TIJ^2)^1/2 + DJ) / 2 + PE
    Total System Jitter     (TSJ):    0.071ns
    Total Input Jitter      (TIJ):    0.000ns
    Discrete Jitter          (DJ):    0.000ns
    Phase Error              (PE):    0.000ns

    Location             Delay type                Incr(ns)  Path(ns)    Netlist Resource(s)
  -------------------------------------------------------------------    -------------------
                         (clock sys_clk_pin rise edge)
                                                      0.000     0.000 r  
    E3                                                0.000     0.000 r  clk (IN)
                         net (fo=0)                   0.000     0.000    clk
    E3                   IBUF (Prop_ibuf_I_O)         1.482     1.482 r  clk_IBUF_inst/O
                         net (fo=1, routed)           2.025     3.506    clk_IBUF
    BUFGCTRL_X0Y16       BUFG (Prop_bufg_I_O)         0.096     3.602 r  clk_IBUF_BUFG_inst/O
                         net (fo=63, routed)          1.722     5.325    clk_IBUF_BUFG
    SLICE_X7Y89          FDCE                                         r  move_counter_reg[18]/C
  -------------------------------------------------------------------    -------------------
    SLICE_X7Y89          FDCE (Prop_fdce_C_Q)         0.456     5.781 f  move_counter_reg[18]/Q
                         net (fo=2, routed)           1.424     7.205    move_counter_reg_n_0_[18]
    SLICE_X7Y87          LUT6 (Prop_lut6_I3_O)        0.124     7.329 f  move_counter[23]_i_5/O
                         net (fo=26, routed)          1.187     8.515    move_counter[23]_i_5_n_0
    SLICE_X5Y90          LUT5 (Prop_lut5_I4_O)        0.124     8.639 r  snake_head[4]_i_1/O
                         net (fo=20, routed)          0.559     9.198    snake_head
    SLICE_X4Y91          FDCE                                         r  snake_head_reg[2]/CE
  -------------------------------------------------------------------    -------------------

                         (clock sys_clk_pin rise edge)
                                                     10.000    10.000 r  
    E3                                                0.000    10.000 r  clk (IN)
                         net (fo=0)                   0.000    10.000    clk
    E3                   IBUF (Prop_ibuf_I_O)         1.411    11.411 r  clk_IBUF_inst/O
                         net (fo=1, routed)           1.920    13.331    clk_IBUF
    BUFGCTRL_X0Y16       BUFG (Prop_bufg_I_O)         0.091    13.422 r  clk_IBUF_BUFG_inst/O
                         net (fo=63, routed)          1.602    15.025    clk_IBUF_BUFG
    SLICE_X4Y91          FDCE                                         r  snake_head_reg[2]/C
                         clock pessimism              0.276    15.301    
                         clock uncertainty           -0.035    15.265    
    SLICE_X4Y91          FDCE (Setup_fdce_C_CE)      -0.205    15.060    snake_head_reg[2]
  -------------------------------------------------------------------
                         required time                         15.060    
                         arrival time                          -9.198    
  -------------------------------------------------------------------
                         slack                                  5.862    





Min Delay Paths
--------------------------------------------------------------------------------------
Slack (MET) :             0.190ns  (arrival time - required time)
  Source:                 snake_head_reg[2]/C
                            (rising edge-triggered cell FDCE clocked by sys_clk_pin  {rise@0.000ns fall@5.000ns period=10.000ns})
  Destination:            snake_head_reg[4]/D
                            (rising edge-triggered cell FDCE clocked by sys_clk_pin  {rise@0.000ns fall@5.000ns period=10.000ns})
  Path Group:             sys_clk_pin
  Path Type:              Hold (Min at Fast Process Corner)
  Requirement:            0.000ns  (sys_clk_pin rise@0.000ns - sys_clk_pin rise@0.000ns)
  Data Path Delay:        0.295ns  (logic 0.186ns (62.987%)  route 0.109ns (37.013%))
  Logic Levels:           1  (LUT6=1)
  Clock Path Skew:        0.013ns (DCD - SCD - CPR)
    Destination Clock Delay (DCD):    2.038ns
    Source Clock Delay      (SCD):    1.521ns
    Clock Pessimism Removal (CPR):    0.503ns

    Location             Delay type                Incr(ns)  Path(ns)    Netlist Resource(s)
  -------------------------------------------------------------------    -------------------
                         (clock sys_clk_pin rise edge)
                                                      0.000     0.000 r  
    E3                                                0.000     0.000 r  clk (IN)
                         net (fo=0)                   0.000     0.000    clk
    E3                   IBUF (Prop_ibuf_I_O)         0.250     0.250 r  clk_IBUF_inst/O
                         net (fo=1, routed)           0.644     0.894    clk_IBUF
    BUFGCTRL_X0Y16       BUFG (Prop_bufg_I_O)         0.026     0.920 r  clk_IBUF_BUFG_inst/O
                         net (fo=63, routed)          0.602     1.521    clk_IBUF_BUFG
    SLICE_X4Y91          FDCE                                         r  snake_head_reg[2]/C
  -------------------------------------------------------------------    -------------------
    SLICE_X4Y91          FDCE (Prop_fdce_C_Q)         0.141     1.662 r  snake_head_reg[2]/Q
                         net (fo=11, routed)          0.109     1.772    snake_head_reg_n_0_[2]
    SLICE_X5Y91          LUT6 (Prop_lut6_I2_O)        0.045     1.817 r  snake_head[4]_i_2/O
                         net (fo=1, routed)           0.000     1.817    snake_head[4]_i_2_n_0
    SLICE_X5Y91          FDCE                                         r  snake_head_reg[4]/D
  -------------------------------------------------------------------    -------------------

                         (clock sys_clk_pin rise edge)
                                                      0.000     0.000 r  
    E3                                                0.000     0.000 r  clk (IN)
                         net (fo=0)                   0.000     0.000    clk
    E3                   IBUF (Prop_ibuf_I_O)         0.438     0.438 r  clk_IBUF_inst/O
                         net (fo=1, routed)           0.699     1.136    clk_IBUF
    BUFGCTRL_X0Y16       BUFG (Prop_bufg_I_O)         0.029     1.165 r  clk_IBUF_BUFG_inst/O
                         net (fo=63, routed)          0.873     2.038    clk_IBUF_BUFG
    SLICE_X5Y91          FDCE                                         r  snake_head_reg[4]/C
                         clock pessimism             -0.503     1.534    
    SLICE_X5Y91          FDCE (Hold_fdce_C_D)         0.092     1.626    snake_head_reg[4]
  -------------------------------------------------------------------
                         required time                         -1.626    
                         arrival time                           1.817    
  -------------------------------------------------------------------
                         slack                                  0.190    

Slack (MET) :             0.192ns  (arrival time - required time)
  Source:                 snake_head_reg[2]/C
                            (rising edge-triggered cell FDCE clocked by sys_clk_pin  {rise@0.000ns fall@5.000ns period=10.000ns})
  Destination:            snake_head_reg[3]/D
                            (rising edge-triggered cell FDCE clocked by sys_clk_pin  {rise@0.000ns fall@5.000ns period=10.000ns})
  Path Group:             sys_clk_pin
  Path Type:              Hold (Min at Fast Process Corner)
  Requirement:            0.000ns  (sys_clk_pin rise@0.000ns - sys_clk_pin rise@0.000ns)
  Data Path Delay:        0.296ns  (logic 0.186ns (62.774%)  route 0.110ns (37.226%))
  Logic Levels:           1  (LUT6=1)
  Clock Path Skew:        0.013ns (DCD - SCD - CPR)
    Destination Clock Delay (DCD):    2.038ns
    Source Clock Delay      (SCD):    1.521ns
    Clock Pessimism Removal (CPR):    0.503ns

    Location             Delay type                Incr(ns)  Path(ns)    Netlist Resource(s)
  -------------------------------------------------------------------    -------------------
                         (clock sys_clk_pin rise edge)
                                                      0.000     0.000 r  
    E3                                                0.000     0.000 r  clk (IN)
                         net (fo=0)                   0.000     0.000    clk
    E3                   IBUF (Prop_ibuf_I_O)         0.250     0.250 r  clk_IBUF_inst/O
                         net (fo=1, routed)           0.644     0.894    clk_IBUF
    BUFGCTRL_X0Y16       BUFG (Prop_bufg_I_O)         0.026     0.920 r  clk_IBUF_BUFG_inst/O
                         net (fo=63, routed)          0.602     1.521    clk_IBUF_BUFG
    SLICE_X4Y91          FDCE                                         r  snake_head_reg[2]/C
  -------------------------------------------------------------------    -------------------
    SLICE_X4Y91          FDCE (Prop_fdce_C_Q)         0.141     1.662 r  snake_head_reg[2]/Q
                         net (fo=11, routed)          0.110     1.773    snake_head_reg_n_0_[2]
    SLICE_X5Y91          LUT6 (Prop_lut6_I5_O)        0.045     1.818 r  snake_head[3]_i_1/O
                         net (fo=1, routed)           0.000     1.818    snake_head[3]_i_1_n_0
    SLICE_X5Y91          FDCE                                         r  snake_head_reg[3]/D
  -------------------------------------------------------------------    -------------------

                         (clock sys_clk_pin rise edge)
                                                      0.000     0.000 r  
    E3                                                0.000     0.000 r  clk (IN)
                         net (fo=0)                   0.000     0.000    clk
    E3                   IBUF (Prop_ibuf_I_O)         0.438     0.438 r  clk_IBUF_inst/O
                         net (fo=1, routed)           0.699     1.136    clk_IBUF
    BUFGCTRL_X0Y16       BUFG (Prop_bufg_I_O)         0.029     1.165 r  clk_IBUF_BUFG_inst/O
                         net (fo=63, routed)          0.873     2.038    clk_IBUF_BUFG
    SLICE_X5Y91          FDCE                                         r  snake_head_reg[3]/C
                         clock pessimism             -0.503     1.534    
    SLICE_X5Y91          FDCE (Hold_fdce_C_D)         0.091     1.625    snake_head_reg[3]
  -------------------------------------------------------------------
                         required time                         -1.625    
                         arrival time                           1.818    
  -------------------------------------------------------------------
                         slack                                  0.192    

Slack (MET) :             0.200ns  (arrival time - required time)
  Source:                 snake_body1_reg[0]/C
                            (rising edge-triggered cell FDCE clocked by sys_clk_pin  {rise@0.000ns fall@5.000ns period=10.000ns})
  Destination:            snake_body2_reg[0]/D
                            (rising edge-triggered cell FDPE clocked by sys_clk_pin  {rise@0.000ns fall@5.000ns period=10.000ns})
  Path Group:             sys_clk_pin
  Path Type:              Hold (Min at Fast Process Corner)
  Requirement:            0.000ns  (sys_clk_pin rise@0.000ns - sys_clk_pin rise@0.000ns)
  Data Path Delay:        0.285ns  (logic 0.141ns (49.437%)  route 0.144ns (50.563%))
  Logic Levels:           0  
  Clock Path Skew:        0.015ns (DCD - SCD - CPR)
    Destination Clock Delay (DCD):    2.041ns
    Source Clock Delay      (SCD):    1.523ns
    Clock Pessimism Removal (CPR):    0.502ns

    Location             Delay type                Incr(ns)  Path(ns)    Netlist Resource(s)
  -------------------------------------------------------------------    -------------------
                         (clock sys_clk_pin rise edge)
                                                      0.000     0.000 r  
    E3                                                0.000     0.000 r  clk (IN)
                         net (fo=0)                   0.000     0.000    clk
    E3                   IBUF (Prop_ibuf_I_O)         0.250     0.250 r  clk_IBUF_inst/O
                         net (fo=1, routed)           0.644     0.894    clk_IBUF
    BUFGCTRL_X0Y16       BUFG (Prop_bufg_I_O)         0.026     0.920 r  clk_IBUF_BUFG_inst/O
                         net (fo=63, routed)          0.604     1.523    clk_IBUF_BUFG
    SLICE_X3Y93          FDCE                                         r  snake_body1_reg[0]/C
  -------------------------------------------------------------------    -------------------
    SLICE_X3Y93          FDCE (Prop_fdce_C_Q)         0.141     1.664 r  snake_body1_reg[0]/Q
                         net (fo=6, routed)           0.144     1.809    snake_body1[0]
    SLICE_X3Y92          FDPE                                         r  snake_body2_reg[0]/D
  -------------------------------------------------------------------    -------------------

                         (clock sys_clk_pin rise edge)
                                                      0.000     0.000 r  
    E3                                                0.000     0.000 r  clk (IN)
                         net (fo=0)                   0.000     0.000    clk
    E3                   IBUF (Prop_ibuf_I_O)         0.438     0.438 r  clk_IBUF_inst/O
                         net (fo=1, routed)           0.699     1.136    clk_IBUF
    BUFGCTRL_X0Y16       BUFG (Prop_bufg_I_O)         0.029     1.165 r  clk_IBUF_BUFG_inst/O
                         net (fo=63, routed)          0.876     2.041    clk_IBUF_BUFG
    SLICE_X3Y92          FDPE                                         r  snake_body2_reg[0]/C
                         clock pessimism             -0.502     1.538    
    SLICE_X3Y92          FDPE (Hold_fdpe_C_D)         0.070     1.608    snake_body2_reg[0]
  -------------------------------------------------------------------
                         required time                         -1.608    
                         arrival time                           1.809    
  -------------------------------------------------------------------
                         slack                                  0.200    

Slack (MET) :             0.204ns  (arrival time - required time)
  Source:                 snake_body1_reg[1]/C
                            (rising edge-triggered cell FDPE clocked by sys_clk_pin  {rise@0.000ns fall@5.000ns period=10.000ns})
  Destination:            snake_body2_reg[1]/D
                            (rising edge-triggered cell FDCE clocked by sys_clk_pin  {rise@0.000ns fall@5.000ns period=10.000ns})
  Path Group:             sys_clk_pin
  Path Type:              Hold (Min at Fast Process Corner)
  Requirement:            0.000ns  (sys_clk_pin rise@0.000ns - sys_clk_pin rise@0.000ns)
  Data Path Delay:        0.285ns  (logic 0.141ns (49.426%)  route 0.144ns (50.574%))
  Logic Levels:           0  
  Clock Path Skew:        0.015ns (DCD - SCD - CPR)
    Destination Clock Delay (DCD):    2.041ns
    Source Clock Delay      (SCD):    1.523ns
    Clock Pessimism Removal (CPR):    0.502ns

    Location             Delay type                Incr(ns)  Path(ns)    Netlist Resource(s)
  -------------------------------------------------------------------    -------------------
                         (clock sys_clk_pin rise edge)
                                                      0.000     0.000 r  
    E3                                                0.000     0.000 r  clk (IN)
                         net (fo=0)                   0.000     0.000    clk
    E3                   IBUF (Prop_ibuf_I_O)         0.250     0.250 r  clk_IBUF_inst/O
                         net (fo=1, routed)           0.644     0.894    clk_IBUF
    BUFGCTRL_X0Y16       BUFG (Prop_bufg_I_O)         0.026     0.920 r  clk_IBUF_BUFG_inst/O
                         net (fo=63, routed)          0.604     1.523    clk_IBUF_BUFG
    SLICE_X3Y93          FDPE                                         r  snake_body1_reg[1]/C
  -------------------------------------------------------------------    -------------------
    SLICE_X3Y93          FDPE (Prop_fdpe_C_Q)         0.141     1.664 r  snake_body1_reg[1]/Q
                         net (fo=6, routed)           0.144     1.809    snake_body1[1]
    SLICE_X3Y92          FDCE                                         r  snake_body2_reg[1]/D
  -------------------------------------------------------------------    -------------------

                         (clock sys_clk_pin rise edge)
                                                      0.000     0.000 r  
    E3                                                0.000     0.000 r  clk (IN)
                         net (fo=0)                   0.000     0.000    clk
    E3                   IBUF (Prop_ibuf_I_O)         0.438     0.438 r  clk_IBUF_inst/O
                         net (fo=1, routed)           0.699     1.136    clk_IBUF
    BUFGCTRL_X0Y16       BUFG (Prop_bufg_I_O)         0.029     1.165 r  clk_IBUF_BUFG_inst/O
                         net (fo=63, routed)          0.876     2.041    clk_IBUF_BUFG
    SLICE_X3Y92          FDCE                                         r  snake_body2_reg[1]/C
                         clock pessimism             -0.502     1.538    
    SLICE_X3Y92          FDCE (Hold_fdce_C_D)         0.066     1.604    snake_body2_reg[1]
  -------------------------------------------------------------------
                         required time                         -1.604    
                         arrival time                           1.809    
  -------------------------------------------------------------------
                         slack                                  0.204    

Slack (MET) :             0.207ns  (arrival time - required time)
  Source:                 snake_head_reg[4]/C
                            (rising edge-triggered cell FDCE clocked by sys_clk_pin  {rise@0.000ns fall@5.000ns period=10.000ns})
  Destination:            snake_head_reg[2]/D
                            (rising edge-triggered cell FDCE clocked by sys_clk_pin  {rise@0.000ns fall@5.000ns period=10.000ns})
  Path Group:             sys_clk_pin
  Path Type:              Hold (Min at Fast Process Corner)
  Requirement:            0.000ns  (sys_clk_pin rise@0.000ns - sys_clk_pin rise@0.000ns)
  Data Path Delay:        0.312ns  (logic 0.186ns (59.658%)  route 0.126ns (40.342%))
  Logic Levels:           1  (LUT6=1)
  Clock Path Skew:        0.013ns (DCD - SCD - CPR)
    Destination Clock Delay (DCD):    2.038ns
    Source Clock Delay      (SCD):    1.521ns
    Clock Pessimism Removal (CPR):    0.503ns

    Location             Delay type                Incr(ns)  Path(ns)    Netlist Resource(s)
  -------------------------------------------------------------------    -------------------
                         (clock sys_clk_pin rise edge)
                                                      0.000     0.000 r  
    E3                                                0.000     0.000 r  clk (IN)
                         net (fo=0)                   0.000     0.000    clk
    E3                   IBUF (Prop_ibuf_I_O)         0.250     0.250 r  clk_IBUF_inst/O
                         net (fo=1, routed)           0.644     0.894    clk_IBUF
    BUFGCTRL_X0Y16       BUFG (Prop_bufg_I_O)         0.026     0.920 r  clk_IBUF_BUFG_inst/O
                         net (fo=63, routed)          0.602     1.521    clk_IBUF_BUFG
    SLICE_X5Y91          FDCE                                         r  snake_head_reg[4]/C
  -------------------------------------------------------------------    -------------------
    SLICE_X5Y91          FDCE (Prop_fdce_C_Q)         0.141     1.662 r  snake_head_reg[4]/Q
                         net (fo=11, routed)          0.126     1.788    snake_head_reg_n_0_[4]
    SLICE_X4Y91          LUT6 (Prop_lut6_I2_O)        0.045     1.833 r  snake_head[2]_i_1/O
                         net (fo=1, routed)           0.000     1.833    snake_head[2]_i_1_n_0
    SLICE_X4Y91          FDCE                                         r  snake_head_reg[2]/D
  -------------------------------------------------------------------    -------------------

                         (clock sys_clk_pin rise edge)
                                                      0.000     0.000 r  
    E3                                                0.000     0.000 r  clk (IN)
                         net (fo=0)                   0.000     0.000    clk
    E3                   IBUF (Prop_ibuf_I_O)         0.438     0.438 r  clk_IBUF_inst/O
                         net (fo=1, routed)           0.699     1.136    clk_IBUF
    BUFGCTRL_X0Y16       BUFG (Prop_bufg_I_O)         0.029     1.165 r  clk_IBUF_BUFG_inst/O
                         net (fo=63, routed)          0.873     2.038    clk_IBUF_BUFG
    SLICE_X4Y91          FDCE                                         r  snake_head_reg[2]/C
                         clock pessimism             -0.503     1.534    
    SLICE_X4Y91          FDCE (Hold_fdce_C_D)         0.092     1.626    snake_head_reg[2]
  -------------------------------------------------------------------
                         required time                         -1.626    
                         arrival time                           1.833    
  -------------------------------------------------------------------
                         slack                                  0.207    

Slack (MET) :             0.211ns  (arrival time - required time)
  Source:                 snake_body2_reg[2]/C
                            (rising edge-triggered cell FDCE clocked by sys_clk_pin  {rise@0.000ns fall@5.000ns period=10.000ns})
  Destination:            snake_body3_reg[2]/D
                            (rising edge-triggered cell FDCE clocked by sys_clk_pin  {rise@0.000ns fall@5.000ns period=10.000ns})
  Path Group:             sys_clk_pin
  Path Type:              Hold (Min at Fast Process Corner)
  Requirement:            0.000ns  (sys_clk_pin rise@0.000ns - sys_clk_pin rise@0.000ns)
  Data Path Delay:        0.296ns  (logic 0.141ns (47.683%)  route 0.155ns (52.317%))
  Logic Levels:           0  
  Clock Path Skew:        0.015ns (DCD - SCD - CPR)
    Destination Clock Delay (DCD):    2.038ns
    Source Clock Delay      (SCD):    1.522ns
    Clock Pessimism Removal (CPR):    0.500ns

    Location             Delay type                Incr(ns)  Path(ns)    Netlist Resource(s)
  -------------------------------------------------------------------    -------------------
                         (clock sys_clk_pin rise edge)
                                                      0.000     0.000 r  
    E3                                                0.000     0.000 r  clk (IN)
                         net (fo=0)                   0.000     0.000    clk
    E3                   IBUF (Prop_ibuf_I_O)         0.250     0.250 r  clk_IBUF_inst/O
                         net (fo=1, routed)           0.644     0.894    clk_IBUF
    BUFGCTRL_X0Y16       BUFG (Prop_bufg_I_O)         0.026     0.920 r  clk_IBUF_BUFG_inst/O
                         net (fo=63, routed)          0.603     1.522    clk_IBUF_BUFG
    SLICE_X4Y93          FDCE                                         r  snake_body2_reg[2]/C
  -------------------------------------------------------------------    -------------------
    SLICE_X4Y93          FDCE (Prop_fdce_C_Q)         0.141     1.663 r  snake_body2_reg[2]/Q
                         net (fo=6, routed)           0.155     1.818    snake_body2[2]
    SLICE_X5Y92          FDCE                                         r  snake_body3_reg[2]/D
  -------------------------------------------------------------------    -------------------

                         (clock sys_clk_pin rise edge)
                                                      0.000     0.000 r  
    E3                                                0.000     0.000 r  clk (IN)
                         net (fo=0)                   0.000     0.000    clk
    E3                   IBUF (Prop_ibuf_I_O)         0.438     0.438 r  clk_IBUF_inst/O
                         net (fo=1, routed)           0.699     1.136    clk_IBUF
    BUFGCTRL_X0Y16       BUFG (Prop_bufg_I_O)         0.029     1.165 r  clk_IBUF_BUFG_inst/O
                         net (fo=63, routed)          0.873     2.038    clk_IBUF_BUFG
    SLICE_X5Y92          FDCE                                         r  snake_body3_reg[2]/C
                         clock pessimism             -0.500     1.537    
    SLICE_X5Y92          FDCE (Hold_fdce_C_D)         0.070     1.607    snake_body3_reg[2]
  -------------------------------------------------------------------
                         required time                         -1.607    
                         arrival time                           1.818    
  -------------------------------------------------------------------
                         slack                                  0.211    

Slack (MET) :             0.212ns  (arrival time - required time)
  Source:                 snake_body2_reg[3]/C
                            (rising edge-triggered cell FDCE clocked by sys_clk_pin  {rise@0.000ns fall@5.000ns period=10.000ns})
  Destination:            snake_body3_reg[3]/D
                            (rising edge-triggered cell FDCE clocked by sys_clk_pin  {rise@0.000ns fall@5.000ns period=10.000ns})
  Path Group:             sys_clk_pin
  Path Type:              Hold (Min at Fast Process Corner)
  Requirement:            0.000ns  (sys_clk_pin rise@0.000ns - sys_clk_pin rise@0.000ns)
  Data Path Delay:        0.293ns  (logic 0.141ns (48.104%)  route 0.152ns (51.896%))
  Logic Levels:           0  
  Clock Path Skew:        0.015ns (DCD - SCD - CPR)
    Destination Clock Delay (DCD):    2.038ns
    Source Clock Delay      (SCD):    1.522ns
    Clock Pessimism Removal (CPR):    0.500ns

    Location             Delay type                Incr(ns)  Path(ns)    Netlist Resource(s)
  -------------------------------------------------------------------    -------------------
                         (clock sys_clk_pin rise edge)
                                                      0.000     0.000 r  
    E3                                                0.000     0.000 r  clk (IN)
                         net (fo=0)                   0.000     0.000    clk
    E3                   IBUF (Prop_ibuf_I_O)         0.250     0.250 r  clk_IBUF_inst/O
                         net (fo=1, routed)           0.644     0.894    clk_IBUF
    BUFGCTRL_X0Y16       BUFG (Prop_bufg_I_O)         0.026     0.920 r  clk_IBUF_BUFG_inst/O
                         net (fo=63, routed)          0.603     1.522    clk_IBUF_BUFG
    SLICE_X4Y93          FDCE                                         r  snake_body2_reg[3]/C
  -------------------------------------------------------------------    -------------------
    SLICE_X4Y93          FDCE (Prop_fdce_C_Q)         0.141     1.663 r  snake_body2_reg[3]/Q
                         net (fo=6, routed)           0.152     1.815    snake_body2[3]
    SLICE_X5Y92          FDCE                                         r  snake_body3_reg[3]/D
  -------------------------------------------------------------------    -------------------

                         (clock sys_clk_pin rise edge)
                                                      0.000     0.000 r  
    E3                                                0.000     0.000 r  clk (IN)
                         net (fo=0)                   0.000     0.000    clk
    E3                   IBUF (Prop_ibuf_I_O)         0.438     0.438 r  clk_IBUF_inst/O
                         net (fo=1, routed)           0.699     1.136    clk_IBUF
    BUFGCTRL_X0Y16       BUFG (Prop_bufg_I_O)         0.029     1.165 r  clk_IBUF_BUFG_inst/O
                         net (fo=63, routed)          0.873     2.038    clk_IBUF_BUFG
    SLICE_X5Y92          FDCE                                         r  snake_body3_reg[3]/C
                         clock pessimism             -0.500     1.537    
    SLICE_X5Y92          FDCE (Hold_fdce_C_D)         0.066     1.603    snake_body3_reg[3]
  -------------------------------------------------------------------
                         required time                         -1.603    
                         arrival time                           1.815    
  -------------------------------------------------------------------
                         slack                                  0.212    

Slack (MET) :             0.240ns  (arrival time - required time)
  Source:                 snake_head_reg[3]/C
                            (rising edge-triggered cell FDCE clocked by sys_clk_pin  {rise@0.000ns fall@5.000ns period=10.000ns})
  Destination:            snake_body1_reg[3]/D
                            (rising edge-triggered cell FDCE clocked by sys_clk_pin  {rise@0.000ns fall@5.000ns period=10.000ns})
  Path Group:             sys_clk_pin
  Path Type:              Hold (Min at Fast Process Corner)
  Requirement:            0.000ns  (sys_clk_pin rise@0.000ns - sys_clk_pin rise@0.000ns)
  Data Path Delay:        0.326ns  (logic 0.141ns (43.210%)  route 0.185ns (56.790%))
  Logic Levels:           0  
  Clock Path Skew:        0.016ns (DCD - SCD - CPR)
    Destination Clock Delay (DCD):    2.038ns
    Source Clock Delay      (SCD):    1.521ns
    Clock Pessimism Removal (CPR):    0.500ns

    Location             Delay type                Incr(ns)  Path(ns)    Netlist Resource(s)
  -------------------------------------------------------------------    -------------------
                         (clock sys_clk_pin rise edge)
                                                      0.000     0.000 r  
    E3                                                0.000     0.000 r  clk (IN)
                         net (fo=0)                   0.000     0.000    clk
    E3                   IBUF (Prop_ibuf_I_O)         0.250     0.250 r  clk_IBUF_inst/O
                         net (fo=1, routed)           0.644     0.894    clk_IBUF
    BUFGCTRL_X0Y16       BUFG (Prop_bufg_I_O)         0.026     0.920 r  clk_IBUF_BUFG_inst/O
                         net (fo=63, routed)          0.602     1.521    clk_IBUF_BUFG
    SLICE_X5Y91          FDCE                                         r  snake_head_reg[3]/C
  -------------------------------------------------------------------    -------------------
    SLICE_X5Y91          FDCE (Prop_fdce_C_Q)         0.141     1.662 r  snake_head_reg[3]/Q
                         net (fo=11, routed)          0.185     1.848    snake_head_reg_n_0_[3]
    SLICE_X4Y92          FDCE                                         r  snake_body1_reg[3]/D
  -------------------------------------------------------------------    -------------------

                         (clock sys_clk_pin rise edge)
                                                      0.000     0.000 r  
    E3                                                0.000     0.000 r  clk (IN)
                         net (fo=0)                   0.000     0.000    clk
    E3                   IBUF (Prop_ibuf_I_O)         0.438     0.438 r  clk_IBUF_inst/O
                         net (fo=1, routed)           0.699     1.136    clk_IBUF
    BUFGCTRL_X0Y16       BUFG (Prop_bufg_I_O)         0.029     1.165 r  clk_IBUF_BUFG_inst/O
                         net (fo=63, routed)          0.873     2.038    clk_IBUF_BUFG
    SLICE_X4Y92          FDCE                                         r  snake_body1_reg[3]/C
                         clock pessimism             -0.500     1.537    
    SLICE_X4Y92          FDCE (Hold_fdce_C_D)         0.070     1.607    snake_body1_reg[3]
  -------------------------------------------------------------------
                         required time                         -1.607    
                         arrival time                           1.848    
  -------------------------------------------------------------------
                         slack                                  0.240    

Slack (MET) :             0.247ns  (arrival time - required time)
  Source:                 snake_head_reg[3]/C
                            (rising edge-triggered cell FDCE clocked by sys_clk_pin  {rise@0.000ns fall@5.000ns period=10.000ns})
  Destination:            snake_head_reg[1]/D
                            (rising edge-triggered cell FDPE clocked by sys_clk_pin  {rise@0.000ns fall@5.000ns period=10.000ns})
  Path Group:             sys_clk_pin
  Path Type:              Hold (Min at Fast Process Corner)
  Requirement:            0.000ns  (sys_clk_pin rise@0.000ns - sys_clk_pin rise@0.000ns)
  Data Path Delay:        0.352ns  (logic 0.186ns (52.789%)  route 0.166ns (47.211%))
  Logic Levels:           1  (LUT6=1)
  Clock Path Skew:        0.013ns (DCD - SCD - CPR)
    Destination Clock Delay (DCD):    2.038ns
    Source Clock Delay      (SCD):    1.521ns
    Clock Pessimism Removal (CPR):    0.503ns

    Location             Delay type                Incr(ns)  Path(ns)    Netlist Resource(s)
  -------------------------------------------------------------------    -------------------
                         (clock sys_clk_pin rise edge)
                                                      0.000     0.000 r  
    E3                                                0.000     0.000 r  clk (IN)
                         net (fo=0)                   0.000     0.000    clk
    E3                   IBUF (Prop_ibuf_I_O)         0.250     0.250 r  clk_IBUF_inst/O
                         net (fo=1, routed)           0.644     0.894    clk_IBUF
    BUFGCTRL_X0Y16       BUFG (Prop_bufg_I_O)         0.026     0.920 r  clk_IBUF_BUFG_inst/O
                         net (fo=63, routed)          0.602     1.521    clk_IBUF_BUFG
    SLICE_X5Y91          FDCE                                         r  snake_head_reg[3]/C
  -------------------------------------------------------------------    -------------------
    SLICE_X5Y91          FDCE (Prop_fdce_C_Q)         0.141     1.662 r  snake_head_reg[3]/Q
                         net (fo=11, routed)          0.166     1.829    snake_head_reg_n_0_[3]
    SLICE_X4Y91          LUT6 (Prop_lut6_I1_O)        0.045     1.874 r  snake_head[1]_i_1/O
                         net (fo=1, routed)           0.000     1.874    snake_head[1]_i_1_n_0
    SLICE_X4Y91          FDPE                                         r  snake_head_reg[1]/D
  -------------------------------------------------------------------    -------------------

                         (clock sys_clk_pin rise edge)
                                                      0.000     0.000 r  
    E3                                                0.000     0.000 r  clk (IN)
                         net (fo=0)                   0.000     0.000    clk
    E3                   IBUF (Prop_ibuf_I_O)         0.438     0.438 r  clk_IBUF_inst/O
                         net (fo=1, routed)           0.699     1.136    clk_IBUF
    BUFGCTRL_X0Y16       BUFG (Prop_bufg_I_O)         0.029     1.165 r  clk_IBUF_BUFG_inst/O
                         net (fo=63, routed)          0.873     2.038    clk_IBUF_BUFG
    SLICE_X4Y91          FDPE                                         r  snake_head_reg[1]/C
                         clock pessimism             -0.503     1.534    
    SLICE_X4Y91          FDPE (Hold_fdpe_C_D)         0.092     1.626    snake_head_reg[1]
  -------------------------------------------------------------------
                         required time                         -1.626    
                         arrival time                           1.874    
  -------------------------------------------------------------------
                         slack                                  0.247    

Slack (MET) :             0.254ns  (arrival time - required time)
  Source:                 scan_counter_reg[10]/C
                            (rising edge-triggered cell FDCE clocked by sys_clk_pin  {rise@0.000ns fall@5.000ns period=10.000ns})
  Destination:            scan_counter_reg[10]/D
                            (rising edge-triggered cell FDCE clocked by sys_clk_pin  {rise@0.000ns fall@5.000ns period=10.000ns})
  Path Group:             sys_clk_pin
  Path Type:              Hold (Min at Fast Process Corner)
  Requirement:            0.000ns  (sys_clk_pin rise@0.000ns - sys_clk_pin rise@0.000ns)
  Data Path Delay:        0.388ns  (logic 0.274ns (70.550%)  route 0.114ns (29.450%))
  Logic Levels:           1  (CARRY4=1)
  Clock Path Skew:        0.000ns (DCD - SCD - CPR)
    Destination Clock Delay (DCD):    2.041ns
    Source Clock Delay      (SCD):    1.522ns
    Clock Pessimism Removal (CPR):    0.518ns

    Location             Delay type                Incr(ns)  Path(ns)    Netlist Resource(s)
  -------------------------------------------------------------------    -------------------
                         (clock sys_clk_pin rise edge)
                                                      0.000     0.000 r  
    E3                                                0.000     0.000 r  clk (IN)
                         net (fo=0)                   0.000     0.000    clk
    E3                   IBUF (Prop_ibuf_I_O)         0.250     0.250 r  clk_IBUF_inst/O
                         net (fo=1, routed)           0.644     0.894    clk_IBUF
    BUFGCTRL_X0Y16       BUFG (Prop_bufg_I_O)         0.026     0.920 r  clk_IBUF_BUFG_inst/O
                         net (fo=63, routed)          0.603     1.522    clk_IBUF_BUFG
    SLICE_X2Y91          FDCE                                         r  scan_counter_reg[10]/C
  -------------------------------------------------------------------    -------------------
    SLICE_X2Y91          FDCE (Prop_fdce_C_Q)         0.164     1.686 r  scan_counter_reg[10]/Q
                         net (fo=1, routed)           0.114     1.801    scan_counter_reg_n_0_[10]
    SLICE_X2Y91          CARRY4 (Prop_carry4_S[2]_O[2])
                                                      0.110     1.911 r  scan_counter_reg[8]_i_1/O[2]
                         net (fo=1, routed)           0.000     1.911    scan_counter_reg[8]_i_1_n_5
    SLICE_X2Y91          FDCE                                         r  scan_counter_reg[10]/D
  -------------------------------------------------------------------    -------------------

                         (clock sys_clk_pin rise edge)
                                                      0.000     0.000 r  
    E3                                                0.000     0.000 r  clk (IN)
                         net (fo=0)                   0.000     0.000    clk
    E3                   IBUF (Prop_ibuf_I_O)         0.438     0.438 r  clk_IBUF_inst/O
                         net (fo=1, routed)           0.699     1.136    clk_IBUF
    BUFGCTRL_X0Y16       BUFG (Prop_bufg_I_O)         0.029     1.165 r  clk_IBUF_BUFG_inst/O
                         net (fo=63, routed)          0.876     2.041    clk_IBUF_BUFG
    SLICE_X2Y91          FDCE                                         r  scan_counter_reg[10]/C
                         clock pessimism             -0.518     1.522    
    SLICE_X2Y91          FDCE (Hold_fdce_C_D)         0.134     1.656    scan_counter_reg[10]
  -------------------------------------------------------------------
                         required time                         -1.656    
                         arrival time                           1.911    
  -------------------------------------------------------------------
                         slack                                  0.254    





Pulse Width Checks
--------------------------------------------------------------------------------------
Clock Name:         sys_clk_pin
Waveform(ns):       { 0.000 5.000 }
Period(ns):         10.000
Sources:            { clk }

Check Type        Corner  Lib Pin  Reference Pin  Required(ns)  Actual(ns)  Slack(ns)  Location        Pin
Min Period        n/a     BUFG/I   n/a            2.155         10.000      7.845      BUFGCTRL_X0Y16  clk_IBUF_BUFG_inst/I
Min Period        n/a     FDCE/C   n/a            1.000         10.000      9.000      SLICE_X5Y90     direction_reg/C
Min Period        n/a     FDCE/C   n/a            1.000         10.000      9.000      SLICE_X5Y87     move_counter_reg[0]/C
Min Period        n/a     FDCE/C   n/a            1.000         10.000      9.000      SLICE_X5Y87     move_counter_reg[10]/C
Min Period        n/a     FDCE/C   n/a            1.000         10.000      9.000      SLICE_X5Y87     move_counter_reg[11]/C
Min Period        n/a     FDCE/C   n/a            1.000         10.000      9.000      SLICE_X7Y87     move_counter_reg[12]/C
Min Period        n/a     FDCE/C   n/a            1.000         10.000      9.000      SLICE_X5Y88     move_counter_reg[13]/C
Min Period        n/a     FDCE/C   n/a            1.000         10.000      9.000      SLICE_X5Y88     move_counter_reg[14]/C
Min Period        n/a     FDCE/C   n/a            1.000         10.000      9.000      SLICE_X5Y88     move_counter_reg[15]/C
Min Period        n/a     FDCE/C   n/a            1.000         10.000      9.000      SLICE_X7Y88     move_counter_reg[16]/C
Low Pulse Width   Slow    FDCE/C   n/a            0.500         5.000       4.500      SLICE_X2Y93     pwm_counter_reg[0]/C
Low Pulse Width   Slow    FDCE/C   n/a            0.500         5.000       4.500      SLICE_X2Y89     scan_counter_reg[0]/C
Low Pulse Width   Slow    FDCE/C   n/a            0.500         5.000       4.500      SLICE_X2Y89     scan_counter_reg[1]/C
Low Pulse Width   Slow    FDCE/C   n/a            0.500         5.000       4.500      SLICE_X2Y89     scan_counter_reg[2]/C
Low Pulse Width   Slow    FDCE/C   n/a            0.500         5.000       4.500      SLICE_X2Y89     scan_counter_reg[3]/C
Low Pulse Width   Slow    FDCE/C   n/a            0.500         5.000       4.500      SLICE_X2Y90     scan_counter_reg[4]/C
Low Pulse Width   Slow    FDCE/C   n/a            0.500         5.000       4.500      SLICE_X2Y90     scan_counter_reg[5]/C
Low Pulse Width   Slow    FDCE/C   n/a            0.500         5.000       4.500      SLICE_X2Y90     scan_counter_reg[6]/C
Low Pulse Width   Slow    FDCE/C   n/a            0.500         5.000       4.500      SLICE_X2Y90     scan_counter_reg[7]/C
Low Pulse Width   Slow    FDCE/C   n/a            0.500         5.000       4.500      SLICE_X3Y93     snake_body1_reg[0]/C
High Pulse Width  Slow    FDCE/C   n/a            0.500         5.000       4.500      SLICE_X5Y90     direction_reg/C
High Pulse Width  Fast    FDCE/C   n/a            0.500         5.000       4.500      SLICE_X5Y90     direction_reg/C
High Pulse Width  Slow    FDCE/C   n/a            0.500         5.000       4.500      SLICE_X5Y87     move_counter_reg[0]/C
High Pulse Width  Fast    FDCE/C   n/a            0.500         5.000       4.500      SLICE_X5Y87     move_counter_reg[0]/C
High Pulse Width  Slow    FDCE/C   n/a            0.500         5.000       4.500      SLICE_X5Y87     move_counter_reg[10]/C
High Pulse Width  Fast    FDCE/C   n/a            0.500         5.000       4.500      SLICE_X5Y87     move_counter_reg[10]/C
High Pulse Width  Slow    FDCE/C   n/a            0.500         5.000       4.500      SLICE_X5Y87     move_counter_reg[11]/C
High Pulse Width  Fast    FDCE/C   n/a            0.500         5.000       4.500      SLICE_X5Y87     move_counter_reg[11]/C
High Pulse Width  Slow    FDCE/C   n/a            0.500         5.000       4.500      SLICE_X7Y87     move_counter_reg[12]/C
High Pulse Width  Fast    FDCE/C   n/a            0.500         5.000       4.500      SLICE_X7Y87     move_counter_reg[12]/C



